{
  "version": "1.5.0",
  "plugins_used": [
    {
      "name": "ArtifactoryDetector"
    },
    {
      "name": "AWSKeyDetector"
    },
    {
      "name": "AzureStorageKeyDetector"
    },
    {
      "name": "Base64HighEntropyString",
      "limit": 4.5
    },
    {
      "name": "BasicAuthDetector"
    },
    {
      "name": "CloudantDetector"
    },
    {
      "name": "DiscordBotTokenDetector"
    },
    {
      "name": "GitHubTokenDetector"
    },
    {
      "name": "GitLabTokenDetector"
    },
    {
      "name": "HexHighEntropyString",
      "limit": 3.0
    },
    {
      "name": "IbmCloudIamDetector"
    },
    {
      "name": "IbmCosHmacDetector"
    },
    {
      "name": "IPPublicDetector"
    },
    {
      "name": "JwtTokenDetector"
    },
    {
      "name": "KeywordDetector",
      "keyword_exclude": ""
    },
    {
      "name": "MailchimpDetector"
    },
    {
      "name": "NpmDetector"
    },
    {
      "name": "OpenAIDetector"
    },
    {
      "name": "PrivateKeyDetector"
    },
    {
      "name": "PypiTokenDetector"
    },
    {
      "name": "SendGridDetector"
    },
    {
      "name": "SlackDetector"
    },
    {
      "name": "SoftlayerDetector"
    },
    {
      "name": "SquareOAuthDetector"
    },
    {
      "name": "StripeDetector"
    },
    {
      "name": "TelegramBotTokenDetector"
    },
    {
      "name": "TwilioKeyDetector"
    }
  ],
  "filters_used": [
    {
      "path": "detect_secrets.filters.allowlist.is_line_allowlisted"
    },
    {
      "path": "detect_secrets.filters.common.is_ignored_due_to_verification_policies",
      "min_level": 2
    },
    {
      "path": "detect_secrets.filters.heuristic.is_indirect_reference"
    },
    {
      "path": "detect_secrets.filters.heuristic.is_likely_id_string"
    },
    {
      "path": "detect_secrets.filters.heuristic.is_lock_file"
    },
    {
      "path": "detect_secrets.filters.heuristic.is_not_alphanumeric_string"
    },
    {
      "path": "detect_secrets.filters.heuristic.is_potential_uuid"
    },
    {
      "path": "detect_secrets.filters.heuristic.is_prefixed_with_dollar_sign"
    },
    {
      "path": "detect_secrets.filters.heuristic.is_sequential_string"
    },
    {
      "path": "detect_secrets.filters.heuristic.is_swagger_file"
    },
    {
      "path": "detect_secrets.filters.heuristic.is_templated_secret"
    },
    {
      "path": "detect_secrets.filters.regex.should_exclude_file",
      "pattern": [
        "graphify-out/.*",
        "\\.obsidian-vaults/.*",
        "\\.obsidian-personal/.*",
        "\\.claude/.*",
        "docker/secrets/.*\\.txt"
      ]
    }
  ],
  "results": {
    ".gitallowed": [
      {
        "type": "AWS Access Key",
        "filename": ".gitallowed",
        "hashed_secret": "25910f981e85ca04baf359199dd0bd4a3ae738b6",
        "is_verified": false,
        "line_number": 11
      },
      {
        "type": "AWS Access Key",
        "filename": ".gitallowed",
        "hashed_secret": "a8230324f81123fce5b34c80b62b12723006da26",
        "is_verified": false,
        "line_number": 12
      },
      {
        "type": "GitHub Token",
        "filename": ".gitallowed",
        "hashed_secret": "e175c6f5f2a92e8623bd9a4820edb4e8c1b0fd10",
        "is_verified": false,
        "line_number": 14
      },
      {
        "type": "AWS Access Key",
        "filename": ".gitallowed",
        "hashed_secret": "1d5bc0e7232d07b336f4d35db4c0200142962f4a",
        "is_verified": false,
        "line_number": 18
      },
      {
        "type": "AWS Access Key",
        "filename": ".gitallowed",
        "hashed_secret": "1baa9968f9c6d470bb9957fd12fea784b7979650",
        "is_verified": false,
        "line_number": 19
      }
    ],
    ".gitleaksignore": [
      {
        "type": "AWS Access Key",
        "filename": ".gitleaksignore",
        "hashed_secret": "25910f981e85ca04baf359199dd0bd4a3ae738b6",
        "is_verified": false,
        "line_number": 5
      }
    ],
    "docker/config/openclaw/apply-patches.js": [
      {
        "type": "Secret Keyword",
        "filename": "docker/config/openclaw/apply-patches.js",
        "hashed_secret": "80c3eb3a746f82974a9696275d8b52a37fba449b",
        "is_verified": false,
        "line_number": 263
      }
    ],
    "docker/scripts/start-agentshroud.sh": [
      {
        "type": "Secret Keyword",
        "filename": "docker/scripts/start-agentshroud.sh",
        "hashed_secret": "e774aaeac31c6272107ba89080295e277050fa7c",
        "is_verified": false,
        "line_number": 92
      }
    ],
    "docker/setup-secrets.sh": [
      {
        "type": "Secret Keyword",
        "filename": "docker/setup-secrets.sh",
        "hashed_secret": "d87c448044defb778f33158d8ccf94a20531d600",
        "is_verified": false,
        "line_number": 292
      }
    ],
    "docker/tests/test-get-credential.sh": [
      {
        "type": "Secret Keyword",
        "filename": "docker/tests/test-get-credential.sh",
        "hashed_secret": "3a08fe5e3c937400027d407049784f6420737eca",
        "is_verified": false,
        "line_number": 53
      }
    ],
    "docs/api/api-reference.md": [
      {
        "type": "Hex High Entropy String",
        "filename": "docs/api/api-reference.md",
        "hashed_secret": "da1718d086e252de3996ac63f97a2ce933ab7451",
        "is_verified": false,
        "line_number": 523
      }
    ],
    "docs/api/integration-guide.md": [
      {
        "type": "Secret Keyword",
        "filename": "docs/api/integration-guide.md",
        "hashed_secret": "bafaca43b19e9a7a609795a39fa542b73f2a95f9",
        "is_verified": false,
        "line_number": 506
      }
    ],
    "docs/data/schema-documentation.md": [
      {
        "type": "Secret Keyword",
        "filename": "docs/data/schema-documentation.md",
        "hashed_secret": "cc16ed748525846296a0d015219d13c5d3e2cb15",
        "is_verified": false,
        "line_number": 532
      },
      {
        "type": "Secret Keyword",
        "filename": "docs/data/schema-documentation.md",
        "hashed_secret": "aeb91bc04f8a325bba900a8486055df1b5f5b8a5",
        "is_verified": false,
        "line_number": 535
      }
    ],
    "docs/planning/v1.3/esp32-s3-hermes-voice-terminal.md": [
      {
        "type": "Secret Keyword",
        "filename": "docs/planning/v1.3/esp32-s3-hermes-voice-terminal.md",
        "hashed_secret": "5ee6dc6c63024e0cdde6293d3532627dc94cf0b3",
        "is_verified": false,
        "line_number": 175
      }
    ],
    "docs/security/secret-scan-results.md": [
      {
        "type": "Secret Keyword",
        "filename": "docs/security/secret-scan-results.md",
        "hashed_secret": "80368c63453b55817c04abf111fa8f93800f32c7",
        "is_verified": false,
        "line_number": 21
      }
    ],
    "docs/setup/BOT_DEVELOPMENT_TEAM_RPI_SETUP.md": [
      {
        "type": "Secret Keyword",
        "filename": "docs/setup/BOT_DEVELOPMENT_TEAM_RPI_SETUP.md",
        "hashed_secret": "1db579289102351078b1536d90608869f6005bf4",
        "is_verified": false,
        "line_number": 789
      }
    ],
    "docs/setup/DEVICE_PAIRING.md": [
      {
        "type": "Hex High Entropy String",
        "filename": "docs/setup/DEVICE_PAIRING.md",
        "hashed_secret": "95f848fcd0461f182b49e7d7a5b0ead80169a2c7",
        "is_verified": false,
        "line_number": 147
      }
    ],
    "docs/setup/GOOGLE-CALENDAR-QUICK-SETUP.md": [
      {
        "type": "Secret Keyword",
        "filename": "docs/setup/GOOGLE-CALENDAR-QUICK-SETUP.md",
        "hashed_secret": "acb78adaa3a2e97d7a2877b988642a275a3aedf8",
        "is_verified": false,
        "line_number": 37
      }
    ],
    "docs/setup/GOOGLE-SERVICES-SETUP.md": [
      {
        "type": "Secret Keyword",
        "filename": "docs/setup/GOOGLE-SERVICES-SETUP.md",
        "hashed_secret": "acb78adaa3a2e97d7a2877b988642a275a3aedf8",
        "is_verified": false,
        "line_number": 213
      }
    ],
    "docs/setup/setup-guide.md": [
      {
        "type": "Secret Keyword",
        "filename": "docs/setup/setup-guide.md",
        "hashed_secret": "2bb6b986c5d6fb26dd9dd1054b545ce022371b0c",
        "is_verified": false,
        "line_number": 946
      }
    ],
    "docs/vault/.obsidian/workspace.json": [
      {
        "type": "Hex High Entropy String",
        "filename": "docs/vault/.obsidian/workspace.json",
        "hashed_secret": "d815c02bbb30db55813dd1c74f174c22537755bf",
        "is_verified": false,
        "line_number": 3
      },
      {
        "type": "Hex High Entropy String",
        "filename": "docs/vault/.obsidian/workspace.json",
        "hashed_secret": "f9e1bea1cde6a8d2b6f1a77afb747850e997394a",
        "is_verified": false,
        "line_number": 7
      },
      {
        "type": "Hex High Entropy String",
        "filename": "docs/vault/.obsidian/workspace.json",
        "hashed_secret": "3244c3fb56a82cd1c5dd2077852ba1d23ad915fc",
        "is_verified": false,
        "line_number": 11
      },
      {
        "type": "Hex High Entropy String",
        "filename": "docs/vault/.obsidian/workspace.json",
        "hashed_secret": "d41ded94badfe0fdaa6189e73ecac3e1517e341e",
        "is_verified": false,
        "line_number": 34
      },
      {
        "type": "Hex High Entropy String",
        "filename": "docs/vault/.obsidian/workspace.json",
        "hashed_secret": "3308aba0a93485b3df197bb012e5a6b37fbf372b",
        "is_verified": false,
        "line_number": 38
      },
      {
        "type": "Hex High Entropy String",
        "filename": "docs/vault/.obsidian/workspace.json",
        "hashed_secret": "a22d234e0bb68cbb425556b698ab0724bd6eb956",
        "is_verified": false,
        "line_number": 51
      },
      {
        "type": "Hex High Entropy String",
        "filename": "docs/vault/.obsidian/workspace.json",
        "hashed_secret": "b6ed3d01077e7d9d5798caeb796f7eb16499490d",
        "is_verified": false,
        "line_number": 84
      },
      {
        "type": "Hex High Entropy String",
        "filename": "docs/vault/.obsidian/workspace.json",
        "hashed_secret": "cf47bd17613f454b0419baaf1ba8e398aec29d73",
        "is_verified": false,
        "line_number": 88
      },
      {
        "type": "Hex High Entropy String",
        "filename": "docs/vault/.obsidian/workspace.json",
        "hashed_secret": "377a48b1904daaed8291c0525a74b5d13e5c07c7",
        "is_verified": false,
        "line_number": 111
      },
      {
        "type": "Hex High Entropy String",
        "filename": "docs/vault/.obsidian/workspace.json",
        "hashed_secret": "e40b762e4a9f678336485a6c62babec53e7769dd",
        "is_verified": false,
        "line_number": 125
      },
      {
        "type": "Hex High Entropy String",
        "filename": "docs/vault/.obsidian/workspace.json",
        "hashed_secret": "e199f466d3b2b3f4e3ecf29643ff853e5d560aef",
        "is_verified": false,
        "line_number": 140
      },
      {
        "type": "Hex High Entropy String",
        "filename": "docs/vault/.obsidian/workspace.json",
        "hashed_secret": "ffcb0a0b5e5f20714172f9833e99eedd853d6be8",
        "is_verified": false,
        "line_number": 154
      }
    ],
    "firmware/voice-terminal/SETUP.md": [
      {
        "type": "Secret Keyword",
        "filename": "firmware/voice-terminal/SETUP.md",
        "hashed_secret": "5ee6dc6c63024e0cdde6293d3532627dc94cf0b3",
        "is_verified": false,
        "line_number": 262
      }
    ],
    "gateway/ingest_api/main.py": [
      {
        "type": "AWS Access Key",
        "filename": "gateway/ingest_api/main.py",
        "hashed_secret": "25910f981e85ca04baf359199dd0bd4a3ae738b6",
        "is_verified": false,
        "line_number": 3269
      }
    ],
    "gateway/security/credential_injector.py": [
      {
        "type": "Secret Keyword",
        "filename": "gateway/security/credential_injector.py",
        "hashed_secret": "76346c0577e11dd77aa18a9271edc2d8691f0afc",
        "is_verified": false,
        "line_number": 117
      },
      {
        "type": "Secret Keyword",
        "filename": "gateway/security/credential_injector.py",
        "hashed_secret": "bde4db9b4c3be4049adc3b9a69851d7c35119770",
        "is_verified": false,
        "line_number": 136
      },
      {
        "type": "Secret Keyword",
        "filename": "gateway/security/credential_injector.py",
        "hashed_secret": "3f2df46921dd8e2c36e2ce85238705ac0774c74a",
        "is_verified": false,
        "line_number": 143
      }
    ],
    "gateway/tests/test_adversarial_injection.py": [
      {
        "type": "Base64 High Entropy String",
        "filename": "gateway/tests/test_adversarial_injection.py",
        "hashed_secret": "b98920be31af0f1206cf650e28b3903c900b5c8f",
        "is_verified": false,
        "line_number": 149
      },
      {
        "type": "Hex High Entropy String",
        "filename": "gateway/tests/test_adversarial_injection.py",
        "hashed_secret": "0befe1c9d141ba2b972abf0ea96fae52f243e034",
        "is_verified": false,
        "line_number": 165
      }
    ],
    "gateway/tests/test_agentshroud_manager.py": [
      {
        "type": "Hex High Entropy String",
        "filename": "gateway/tests/test_agentshroud_manager.py",
        "hashed_secret": "62d0f59b1df3634412cceb717635b4f701e812f3",
        "is_verified": false,
        "line_number": 37
      },
      {
        "type": "Secret Keyword",
        "filename": "gateway/tests/test_agentshroud_manager.py",
        "hashed_secret": "70160aa810531303052a96d802080b5a31c8f05b",
        "is_verified": false,
        "line_number": 53
      }
    ],
    "gateway/tests/test_block_credentials.py": [
      {
        "type": "GitHub Token",
        "filename": "gateway/tests/test_block_credentials.py",
        "hashed_secret": "e175c6f5f2a92e8623bd9a4820edb4e8c1b0fd10",
        "is_verified": false,
        "line_number": 83
      },
      {
        "type": "AWS Access Key",
        "filename": "gateway/tests/test_block_credentials.py",
        "hashed_secret": "25910f981e85ca04baf359199dd0bd4a3ae738b6",
        "is_verified": false,
        "line_number": 91
      },
      {
        "type": "Private Key",
        "filename": "gateway/tests/test_block_credentials.py",
        "hashed_secret": "be4fc4886bd949b369d5e092eb87494f12e57e5b",
        "is_verified": false,
        "line_number": 99
      }
    ],
    "gateway/tests/test_cli_coverage.py": [
      {
        "type": "Secret Keyword",
        "filename": "gateway/tests/test_cli_coverage.py",
        "hashed_secret": "15a488960abaf606965c99afb2de7e1ad222c510",
        "is_verified": false,
        "line_number": 439
      }
    ],
    "gateway/tests/test_config.py": [
      {
        "type": "Secret Keyword",
        "filename": "gateway/tests/test_config.py",
        "hashed_secret": "cc7b534aacc5e77ae8b8140f01095a3f3835ca31",
        "is_verified": false,
        "line_number": 110
      }
    ],
    "gateway/tests/test_consent_framework.py": [
      {
        "type": "Secret Keyword",
        "filename": "gateway/tests/test_consent_framework.py",
        "hashed_secret": "ae8425790aa0f113ee2934986befc8a4779fed70",
        "is_verified": false,
        "line_number": 138
      }
    ],
    "gateway/tests/test_credential_injector.py": [
      {
        "type": "Secret Keyword",
        "filename": "gateway/tests/test_credential_injector.py",
        "hashed_secret": "9485a064d868bb9a2349cc5b0a2a9f5028e33d01",
        "is_verified": false,
        "line_number": 40
      },
      {
        "type": "AWS Access Key",
        "filename": "gateway/tests/test_credential_injector.py",
        "hashed_secret": "25910f981e85ca04baf359199dd0bd4a3ae738b6",
        "is_verified": false,
        "line_number": 136
      },
      {
        "type": "GitHub Token",
        "filename": "gateway/tests/test_credential_injector.py",
        "hashed_secret": "e175c6f5f2a92e8623bd9a4820edb4e8c1b0fd10",
        "is_verified": false,
        "line_number": 141
      },
      {
        "type": "JSON Web Token",
        "filename": "gateway/tests/test_credential_injector.py",
        "hashed_secret": "92a800fa68609f76bfe58e926106352467d3ae8c",
        "is_verified": false,
        "line_number": 161
      },
      {
        "type": "Secret Keyword",
        "filename": "gateway/tests/test_credential_injector.py",
        "hashed_secret": "460543a011c6cefa79e305aefc2975bc3d3f3478",
        "is_verified": false,
        "line_number": 191
      }
    ],
    "gateway/tests/test_credential_isolation.py": [
      {
        "type": "GitHub Token",
        "filename": "gateway/tests/test_credential_isolation.py",
        "hashed_secret": "e175c6f5f2a92e8623bd9a4820edb4e8c1b0fd10",
        "is_verified": false,
        "line_number": 123
      },
      {
        "type": "JSON Web Token",
        "filename": "gateway/tests/test_credential_isolation.py",
        "hashed_secret": "ddc7b7e3fedae033eff6b8b1794dc7fb65fb0e0c",
        "is_verified": false,
        "line_number": 136
      }
    ],
    "gateway/tests/test_env_guard.py": [
      {
        "type": "AWS Access Key",
        "filename": "gateway/tests/test_env_guard.py",
        "hashed_secret": "25910f981e85ca04baf359199dd0bd4a3ae738b6",
        "is_verified": false,
        "line_number": 64
      }
    ],
    "gateway/tests/test_forward_routing.py": [
      {
        "type": "Secret Keyword",
        "filename": "gateway/tests/test_forward_routing.py",
        "hashed_secret": "987194d34f461d9979628a3ea5e1694d8e86c79c",
        "is_verified": false,
        "line_number": 214
      }
    ],
    "gateway/tests/test_log_sanitizer.py": [
      {
        "type": "AWS Access Key",
        "filename": "gateway/tests/test_log_sanitizer.py",
        "hashed_secret": "25910f981e85ca04baf359199dd0bd4a3ae738b6",
        "is_verified": false,
        "line_number": 35
      }
    ],
    "gateway/tests/test_oauth_security.py": [
      {
        "type": "Base64 High Entropy String",
        "filename": "gateway/tests/test_oauth_security.py",
        "hashed_secret": "c0eb1dc5057b4bc59b683c85f34d2f0545e85e46",
        "is_verified": false,
        "line_number": 154
      }
    ],
    "gateway/tests/test_pipeline_unit.py": [
      {
        "type": "Secret Keyword",
        "filename": "gateway/tests/test_pipeline_unit.py",
        "hashed_secret": "5294c2b98411470f43430f4b0156152958187e1f",
        "is_verified": false,
        "line_number": 464
      },
      {
        "type": "Hex High Entropy String",
        "filename": "gateway/tests/test_pipeline_unit.py",
        "hashed_secret": "b214f706bb602c1cc2adc5c6165e73622305f4bb",
        "is_verified": false,
        "line_number": 513
      }
    ],
    "gateway/tests/test_security_audit.py": [
      {
        "type": "JSON Web Token",
        "filename": "gateway/tests/test_security_audit.py",
        "hashed_secret": "c381e5e226df232bc544686c6a241be07c55aefd",
        "is_verified": false,
        "line_number": 397
      },
      {
        "type": "Secret Keyword",
        "filename": "gateway/tests/test_security_audit.py",
        "hashed_secret": "768703618d4b473fd22815804fb4c7e57aa76e46",
        "is_verified": false,
        "line_number": 695
      },
      {
        "type": "AWS Access Key",
        "filename": "gateway/tests/test_security_audit.py",
        "hashed_secret": "25910f981e85ca04baf359199dd0bd4a3ae738b6",
        "is_verified": false,
        "line_number": 965
      },
      {
        "type": "JSON Web Token",
        "filename": "gateway/tests/test_security_audit.py",
        "hashed_secret": "92b1a17a44b12b12525ba14799ec087a565fc0b3",
        "is_verified": false,
        "line_number": 990
      }
    ],
    "gateway/tests/test_security_audit_advanced.py": [
      {
        "type": "JSON Web Token",
        "filename": "gateway/tests/test_security_audit_advanced.py",
        "hashed_secret": "05b224a95c5d8cda8be3b3e4ce572e751e5e0bd8",
        "is_verified": false,
        "line_number": 404
      },
      {
        "type": "Base64 High Entropy String",
        "filename": "gateway/tests/test_security_audit_advanced.py",
        "hashed_secret": "38a6abc47dc8be9777567cbbfad13003ab1e4bfd",
        "is_verified": false,
        "line_number": 425
      },
      {
        "type": "AWS Access Key",
        "filename": "gateway/tests/test_security_audit_advanced.py",
        "hashed_secret": "1d5bc0e7232d07b336f4d35db4c0200142962f4a",
        "is_verified": false,
        "line_number": 434
      }
    ],
    "gateway/tests/test_security_hardening.py": [
      {
        "type": "Secret Keyword",
        "filename": "gateway/tests/test_security_hardening.py",
        "hashed_secret": "8a8281cec699f5e51330e21dd7fab3531af6ef0c",
        "is_verified": false,
        "line_number": 116
      }
    ],
    "gateway/tests/test_security_integration.py": [
      {
        "type": "Secret Keyword",
        "filename": "gateway/tests/test_security_integration.py",
        "hashed_secret": "81bcb0133bb77ae12123aa620f6f73e4ea9129c0",
        "is_verified": false,
        "line_number": 87
      }
    ],
    "gateway/tests/test_soc_services_coverage.py": [
      {
        "type": "Hex High Entropy String",
        "filename": "gateway/tests/test_soc_services_coverage.py",
        "hashed_secret": "04f7461b63256f2e5acb7060d2be4837ac21c707",
        "is_verified": false,
        "line_number": 397
      },
      {
        "type": "Hex High Entropy String",
        "filename": "gateway/tests/test_soc_services_coverage.py",
        "hashed_secret": "4cca189549ce2a2420b9fd193e9d2fb9a5a68508",
        "is_verified": false,
        "line_number": 449
      }
    ],
    "gateway/tests/test_telegram_proxy_inbound.py": [
      {
        "type": "Basic Auth Credentials",
        "filename": "gateway/tests/test_telegram_proxy_inbound.py",
        "hashed_secret": "e5e9fa1ba31ecd1ae84f75caaa474f3a663f05f4",
        "is_verified": false,
        "line_number": 6040
      }
    ],
    "gateway/tests/test_telegram_proxy_multibot.py": [
      {
        "type": "Secret Keyword",
        "filename": "gateway/tests/test_telegram_proxy_multibot.py",
        "hashed_secret": "cc7b534aacc5e77ae8b8140f01095a3f3835ca31",
        "is_verified": false,
        "line_number": 140
      }
    ],
    "gateway/tests/test_telegram_proxy_outbound.py": [
      {
        "type": "Basic Auth Credentials",
        "filename": "gateway/tests/test_telegram_proxy_outbound.py",
        "hashed_secret": "e5e9fa1ba31ecd1ae84f75caaa474f3a663f05f4",
        "is_verified": false,
        "line_number": 3309
      }
    ],
    "gateway/tests/test_web_api_coverage.py": [
      {
        "type": "Hex High Entropy String",
        "filename": "gateway/tests/test_web_api_coverage.py",
        "hashed_secret": "7b34d80db04d99a96f1157f90c2f5ba3e38f3aba",
        "is_verified": false,
        "line_number": 76
      },
      {
        "type": "Hex High Entropy String",
        "filename": "gateway/tests/test_web_api_coverage.py",
        "hashed_secret": "6740d1ecb48c5c9ca3b2a3cb1ca2f4b4d4487473",
        "is_verified": false,
        "line_number": 228
      }
    ],
    "gateway/tests/test_web_proxy.py": [
      {
        "type": "AWS Access Key",
        "filename": "gateway/tests/test_web_proxy.py",
        "hashed_secret": "25910f981e85ca04baf359199dd0bd4a3ae738b6",
        "is_verified": false,
        "line_number": 285
      },
      {
        "type": "Private Key",
        "filename": "gateway/tests/test_web_proxy.py",
        "hashed_secret": "be4fc4886bd949b369d5e092eb87494f12e57e5b",
        "is_verified": false,
        "line_number": 290
      }
    ],
    "scripts/deploy.sh": [
      {
        "type": "Secret Keyword",
        "filename": "scripts/deploy.sh",
        "hashed_secret": "26a0c7d5d93fc221b37ee3c8663e079c5a5e123a",
        "is_verified": false,
        "line_number": 59
      },
      {
        "type": "Secret Keyword",
        "filename": "scripts/deploy.sh",
        "hashed_secret": "33be18c733aa2c851d8e9123d2afa69d6a3e2422",
        "is_verified": false,
        "line_number": 63
      },
      {
        "type": "Secret Keyword",
        "filename": "scripts/deploy.sh",
        "hashed_secret": "fd9f56cf207ea34edbd4ce2067e4dfc99ed59494",
        "is_verified": false,
        "line_number": 67
      },
      {
        "type": "Secret Keyword",
        "filename": "scripts/deploy.sh",
        "hashed_secret": "4bac85fa80cdc4950b8b88c812a2cd8b0b01bd02",
        "is_verified": false,
        "line_number": 71
      }
    ],
    "skills/openclaw/1password/references/cli-examples.md": [
      {
        "type": "Secret Keyword",
        "filename": "skills/openclaw/1password/references/cli-examples.md",
        "hashed_secret": "9dda0987cc3054773a2df97e352d4f64d233ef10",
        "is_verified": false,
        "line_number": 17
      }
    ],
    "skills/openclaw/openai-whisper-api/SKILL.md": [
      {
        "type": "Secret Keyword",
        "filename": "skills/openclaw/openai-whisper-api/SKILL.md",
        "hashed_secret": "1077361f94d70e1ddcc7c6dc581a489532a81d03",
        "is_verified": false,
        "line_number": 48
      }
    ],
    "skills/openclaw/trello/SKILL.md": [
      {
        "type": "Secret Keyword",
        "filename": "skills/openclaw/trello/SKILL.md",
        "hashed_secret": "11fa7c37d697f30e6aee828b4426a10f83ab2380",
        "is_verified": false,
        "line_number": 22
      }
    ],
    "web/api-client.js": [
      {
        "type": "Secret Keyword",
        "filename": "web/api-client.js",
        "hashed_secret": "8ad742ee5d26c1b43701e598e1ed767b4352377a",
        "is_verified": false,
        "line_number": 275
      },
      {
        "type": "Secret Keyword",
        "filename": "web/api-client.js",
        "hashed_secret": "b363713a938afcd3c74603827fab79e935b2b09b",
        "is_verified": false,
        "line_number": 299
      }
    ],
    "web/setup-wizard.html": [
      {
        "type": "Secret Keyword",
        "filename": "web/setup-wizard.html",
        "hashed_secret": "8ad742ee5d26c1b43701e598e1ed767b4352377a",
        "is_verified": false,
        "line_number": 487
      }
    ]
  },
  "generated_at": "2026-06-29T12:40:31Z"
}
